======================================================================
Mini-MC v0 ¡ª Cost-Structured Instance+VOI Environment
======================================================================
======================================================================
CALIBRATION GRID
======================================================================

============================================================
Cue: C3_P060_O040  (p_target=0.6, p_other=0.4, absent=False)
============================================================
  Phase A: Training...
    train=160, test=60
    pre_accuracy=0.4625

  --- Budget=1.0 ---
    [C0a_no_interaction                 ] comp=0.7000 fbal=0.5833 v=0/60 p=0.00% ncost=0.0000 ub25=+0.7000 ent=+0.0000
    [C0b_observe_only                   ] comp=0.6967 fbal=0.6148 v=58/60 p=0.00% ncost=0.9900 ub25=+0.4492 ent=-0.5927
    [C2_cost_gate                       ] comp=0.4000 fbal=0.5833 v=0/60 p=0.00% ncost=0.0000 ub25=+0.4000 ent=-1.0000
    [C2_forced_budget                   ] comp=0.4000 fbal=0.5833 v=16/60 p=0.00% ncost=0.9400 ub25=+0.1650 ent=+0.0000
    [C8_cost_gate                       ] comp=0.7000 fbal=0.5833 v=0/60 p=0.00% ncost=0.0000 ub25=+0.7000 ent=-0.5927
    [C8_forced_budget                   ] comp=0.7167 fbal=0.6139 v=8/60 p=13.33% ncost=0.9500 ub25=+0.4792 ent=+0.6589
    [C14a_truth_answer_oracle           ] comp=1.0000 fbal=1.0000 v=0/60 p=0.00% ncost=0.0000 ub25=+1.0000 ent=+0.0000
      [!] C14a single-class features: ['mine_with_pickaxe_success']
          mine_with_pickaxe_success: n_succ=60 n_fail=0
    [C14b_budgeted_oracle_probe         ] comp=0.7367 fbal=0.6546 v=15/60 p=25.00% ncost=0.9850 ub25=+0.4904 ent=+0.6842
    [C13_cost_gate_CW05                 ] comp=0.7200 fbal=0.6167 v=15/60 p=25.00% ncost=0.9850 ub25=+0.4737 ent=+0.6842
    [C13_forced_visit_probe_gate_CW05   ] comp=0.7200 fbal=0.6167 v=15/60 p=25.00% ncost=0.9850 ub25=+0.4737 ent=+0.6842
    [C13_cost_gate_CW10                 ] comp=0.7200 fbal=0.6167 v=15/60 p=25.00% ncost=0.9850 ub25=+0.4737 ent=+0.6842
    [C13_forced_visit_probe_gate_CW10   ] comp=0.7200 fbal=0.6167 v=15/60 p=25.00% ncost=0.9850 ub25=+0.4737 ent=+0.6842
    [C13_cost_gate_CW15                 ] comp=0.7000 fbal=0.5833 v=0/60 p=0.00% ncost=0.0000 ub25=+0.7000 ent=-0.5927
    [C13_forced_visit_probe_gate_CW15   ] comp=0.7100 fbal=0.6083 v=11/60 p=10.00% ncost=0.9750 ub25=+0.4662 ent=+0.6829
    [C13_cost_gate_CW20                 ] comp=0.7000 fbal=0.5833 v=0/60 p=0.00% ncost=0.0000 ub25=+0.7000 ent=-0.5927
    [C13_forced_visit_probe_gate_CW20   ] comp=0.6967 fbal=0.5954 v=16/60 p=0.00% ncost=0.9400 ub25=+0.4617 ent=+0.0000

  --- Budget=1.5 ---
    [C0a_no_interaction                 ] comp=0.7000 fbal=0.5833 v=0/60 p=0.00% ncost=0.0000 ub25=+0.7000 ent=+0.0000
    [C0b_observe_only                   ] comp=0.7033 fbal=0.6204 v=60/60 p=0.00% ncost=0.7533 ub25=+0.5150 ent=-0.5927
    [C2_cost_gate                       ] comp=0.4000 fbal=0.5833 v=0/60 p=0.00% ncost=0.0000 ub25=+0.4000 ent=-1.0000
    [C2_forced_budget                   ] comp=0.4000 fbal=0.5833 v=24/60 p=0.00% ncost=0.9667 ub25=+0.1583 ent=+0.0000
    [C8_cost_gate                       ] comp=0.7000 fbal=0.5833 v=0/60 p=0.00% ncost=0.0000 ub25=+0.7000 ent=-0.5927
    [C8_forced_budget                   ] comp=0.7133 fbal=0.6111 v=14/60 p=23.33% ncost=0.9933 ub25=+0.4650 ent=+0.6623
    [C14a_truth_answer_oracle           ] comp=1.0000 fbal=1.0000 v=0/60 p=0.00% ncost=0.0000 ub25=+1.0000 ent=+0.0000
      [!] C14a single-class features: ['mine_with_pickaxe_success']
          mine_with_pickaxe_success: n_succ=60 n_fail=0
    [C14b_budgeted_oracle_probe         ] comp=0.7467 fbal=0.6778 v=22/60 p=36.67% ncost=0.9667 ub25=+0.5050 ent=+0.6688
    [C13_cost_gate_CW05                 ] comp=0.7267 fbal=0.6315 v=22/60 p=36.67% ncost=0.9667 ub25=+0.4850 ent=+0.6688
    [C13_forced_visit_probe_gate_CW05   ] comp=0.7267 fbal=0.6315 v=22/60 p=36.67% ncost=0.9667 ub25=+0.4850 ent=+0.6688
    [C13_cost_gate_CW10                 ] comp=0.7267 fbal=0.6315 v=22/60 p=36.67% ncost=0.9667 ub25=+0.4850 ent=+0.6688
    [C13_forced_visit_probe_gate_CW10   ] comp=0.7267 fbal=0.6315 v=22/60 p=36.67% ncost=0.9667 ub25=+0.4850 ent=+0.6688
    [C13_cost_gate_CW15                 ] comp=0.7267 fbal=0.6315 v=22/60 p=36.67% ncost=0.9667 ub25=+0.4850 ent=+0.6688
    [C13_forced_visit_probe_gate_CW15   ] comp=0.7267 fbal=0.6315 v=22/60 p=36.67% ncost=0.9667 ub25=+0.4850 ent=+0.6688
    [C13_cost_gate_CW20                 ] comp=0.7000 fbal=0.5833 v=0/60 p=0.00% ncost=0.0000 ub25=+0.7000 ent=-0.5927
    [C13_forced_visit_probe_gate_CW20   ] comp=0.7100 fbal=0.6111 v=14/60 p=18.33% ncost=0.9600 ub25=+0.4700 ent=+0.6710

  --- Budget=2.0 ---
    [C0a_no_interaction                 ] comp=0.7000 fbal=0.5833 v=0/60 p=0.00% ncost=0.0000 ub25=+0.7000 ent=+0.0000
    [C0b_observe_only                   ] comp=0.7033 fbal=0.6204 v=60/60 p=0.00% ncost=0.5650 ub25=+0.5621 ent=-0.5927
    [C2_cost_gate                       ] comp=0.4000 fbal=0.5833 v=0/60 p=0.00% ncost=0.0000 ub25=+0.4000 ent=-1.0000
    [C2_forced_budget                   ] comp=0.4000 fbal=0.5833 v=32/60 p=0.00% ncost=0.9750 ub25=+0.1563 ent=+0.0000
    [C8_cost_gate                       ] comp=0.7000 fbal=0.5833 v=0/60 p=0.00% ncost=0.0000 ub25=+0.7000 ent=-0.5927
    [C8_forced_budget                   ] comp=0.7133 fbal=0.6139 v=17/60 p=28.33% ncost=0.9925 ub25=+0.4652 ent=+0.6705
    [C14a_truth_answer_oracle           ] comp=1.0000 fbal=1.0000 v=0/60 p=0.00% ncost=0.0000 ub25=+1.0000 ent=+0.0000
      [!] C14a single-class features: ['mine_with_pickaxe_success']
          mine_with_pickaxe_success: n_succ=60 n_fail=0
    [C14b_budgeted_oracle_probe         ] comp=0.7700 fbal=0.7204 v=30/60 p=50.00% ncost=0.9850 ub25=+0.5237 ent=+0.6770
    [C13_cost_gate_CW05                 ] comp=0.7333 fbal=0.6426 v=30/60 p=50.00% ncost=0.9850 ub25=+0.4871 ent=+0.6770
    [C13_forced_visit_probe_gate_CW05   ] comp=0.7333 fbal=0.6426 v=30/60 p=50.00% ncost=0.9850 ub25=+0.4871 ent=+0.6770
